// Jest Snapshot v1, https://goo.gl/fbAQLP

exports[`should render selected category 1`] = `
<div
  className="MuiGrid-root makeStyles-root-1"
>
  <button
    className="MuiButtonBase-root MuiButton-root MuiButton-text"
    disabled={false}
    onBlur={[Function]}
    onClick={[Function]}
    onDragLeave={[Function]}
    onFocus={[Function]}
    onKeyDown={[Function]}
    onKeyUp={[Function]}
    onMouseDown={[Function]}
    onMouseLeave={[Function]}
    onMouseUp={[Function]}
    onTouchEnd={[Function]}
    onTouchMove={[Function]}
    onTouchStart={[Function]}
    style={
      Object {
        "backgroundColor": "blue",
        "color": "white",
      }
    }
    tabIndex={0}
    type="button"
  >
    <span
      className="MuiButton-label"
    >
      Rock
    </span>
  </button>
  <button
    className="MuiButtonBase-root MuiButton-root MuiButton-text"
    disabled={false}
    onBlur={[Function]}
    onClick={[Function]}
    onDragLeave={[Function]}
    onFocus={[Function]}
    onKeyDown={[Function]}
    onKeyUp={[Function]}
    onMouseDown={[Function]}
    onMouseLeave={[Function]}
    onMouseUp={[Function]}
    onTouchEnd={[Function]}
    onTouchMove={[Function]}
    onTouchStart={[Function]}
    style={
      Object {
        "backgroundColor": "blue",
        "color": "white",
      }
    }
    tabIndex={0}
    type="button"
  >
    <span
      className="MuiButton-label"
    >
      Punk
    </span>
  </button>
  <button
    className="MuiButtonBase-root MuiButton-root MuiButton-text"
    disabled={false}
    onBlur={[Function]}
    onClick={[Function]}
    onDragLeave={[Function]}
    onFocus={[Function]}
    onKeyDown={[Function]}
    onKeyUp={[Function]}
    onMouseDown={[Function]}
    onMouseLeave={[Function]}
    onMouseUp={[Function]}
    onTouchEnd={[Function]}
    onTouchMove={[Function]}
    onTouchStart={[Function]}
    style={
      Object {
        "backgroundColor": "blue",
        "color": "white",
      }
    }
    tabIndex={0}
    type="button"
  >
    <span
      className="MuiButton-label"
    >
      Acidhouse
    </span>
  </button>
  <button
    className="MuiButtonBase-root MuiButton-root MuiButton-text"
    disabled={false}
    onBlur={[Function]}
    onClick={[Function]}
    onDragLeave={[Function]}
    onFocus={[Function]}
    onKeyDown={[Function]}
    onKeyUp={[Function]}
    onMouseDown={[Function]}
    onMouseLeave={[Function]}
    onMouseUp={[Function]}
    onTouchEnd={[Function]}
    onTouchMove={[Function]}
    onTouchStart={[Function]}
    style={
      Object {
        "backgroundColor": "blue",
        "color": "white",
      }
    }
    tabIndex={0}
    type="button"
  >
    <span
      className="MuiButton-label"
    >
      Ambientmusic
    </span>
  </button>
</div>
`;
